// Vitest Snapshot v1, https://vitest.dev/guide/snapshot.html

exports[`FzButtonGroup > renders correctly 1`] = `"<div data-v-830cd86f="" class="flex flex-row horizontal gap-12"><button>Button 1</button><button>Button 2</button></div>"`;
