// Vitest Snapshot v1, https://vitest.dev/guide/snapshot.html

exports[`FzRadioCard > should render correctly 1`] = `
"<div><input type="radio" id="Radio" class="peer h-0 w-0 absolute fz-hidden-input" tabindex="0"><label class="relative flex fz-radio__label block w-[360px] rounded-lg border-solid pt-12 px-12 cursor-pointer pt-[11px] border-2 px-[11px] border-blue-500  bg-grey-hover before:!hidden text-base before:h-16 before:w-16 peer-checked:before:border-[5px] before:border-grey-500 peer-checked:before:border-blue-500" for="Radio">
    <!--v-if-->
    <div class="flex flex-row w-full justify-between">
      <div class="fz-input flex flex-col">
        <p class="font-medium">This is a title</p>
        <!--v-if-->
      </div>
      <!--v-if-->
    </div>
  </label></div>"
`;
