// Vitest Snapshot v1, https://vitest.dev/guide/snapshot.html

exports[`FzRadio > should render correctly 1`] = `
"<div class="flex justify-center flex-col w-fit"><input type="radio" id="Radio" class="peer h-0 w-0 absolute radio--medium" tabindex="0" value="Radio"><label for="Radio" class="flex items-start gap-4 h-16 
  before:content-[''] 
  before:inline-block 
  before:border-solid 
  before:border-1 
  before:rounded-full 
  before:ml-4
  peer-checked:before:bg-transparent 
  peer-focus:before:outline 
  peer-focus:before:outline-offset-1 
  peer-focus:before:outline-1 
  peer-focus:before:outline-blue-600 text-md before:h-16 before:w-16 before:mt-4 peer-checked:before:border-[5px] before:border-grey-500"><span class="w-fit">Radio</span></label>
  <!--v-if-->
</div>"
`;
