// Vitest Snapshot v1, https://vitest.dev/guide/snapshot.html

exports[`FzRouterBreadcrumbs > should match snapshot for automatic breadcrumbs 1`] = `
"<div class="fz__breadcrumbs">
  <div class="flex text-sm"><a href="/" class="router-link-active text-blue-500">home</a>
    <div class="text-grey-300 mx-4">/</div><a href="/foo" class="router-link-active text-blue-500">foo</a>
    <div class="text-grey-300 mx-4">/</div><a aria-current="page" href="/foo/bar" class="router-link-active router-link-exact-active text-blue-500 text-grey-500">bar</a>
    <!--v-if-->
  </div>
</div>
<div>
  <h2>Page bar</h2><pre>full path: /foo/bar</pre>
  <h3>Test links</h3>
  <div class="flex flex-row"><a href="/foo/bar" class="router-link-active router-link-exact-active px-4 underline" aria-current="page">bar</a><a href="/foo/baz" class="px-4 underline">baz</a><a href="/foo" class="router-link-active px-4 underline">foo</a><a href="/" class="router-link-active px-4 underline">home</a></div>
</div>"
`;

exports[`FzRouterBreadcrumbs > should match snapshot for static breadcrumbs 1`] = `
"<div class="fz__breadcrumbs">
  <div class="flex text-sm"><a aria-current="page" href="/" class="router-link-active router-link-exact-active text-blue-500">home</a>
    <div class="text-grey-300 mx-4">/</div><a href="/foo" class="text-blue-500">foo</a>
    <div class="text-grey-300 mx-4">/</div><a href="/foo/bar" class="text-blue-500">bar</a>
    <div class="text-grey-300 mx-4">/</div><a href="/foo/baz" class="text-blue-500 text-grey-500">baz</a>
    <!--v-if-->
  </div>
</div>"
`;
