// Vitest Snapshot v1, https://vitest.dev/guide/snapshot.html

exports[`FzAlert > matches danger alert 1`] = `
"<div data-v-9babd5cc="" class="flex select-none bg-semantic-info-50 border-semantic-info border-l-4 p-12 gap-12 rounded">
  <div data-v-9babd5cc="" class="flex items-center justify-center w-[25px] h-[25px] text-semantic-info"><svg class="svg-inline--fa fa-circle-info fa-lg h-[20px]" aria-hidden="true" focusable="false" data-prefix="far" data-icon="circle-info" role="img" xmlns="http://www.w3.org/2000/svg" viewBox="0 0 512 512">
      <path class="" fill="currentColor" d="M256 48a208 208 0 1 1 0 416 208 208 0 1 1 0-416zm0 464A256 256 0 1 0 256 0a256 256 0 1 0 0 512zM216 336c-13.3 0-24 10.7-24 24s10.7 24 24 24h80c13.3 0 24-10.7 24-24s-10.7-24-24-24h-8V248c0-13.3-10.7-24-24-24H216c-13.3 0-24 10.7-24 24s10.7 24 24 24h24v64H216zm40-144a32 32 0 1 0 0-64 32 32 0 1 0 0 64z"></path>
    </svg></div>
  <div data-v-9babd5cc="" class="flex-1">
    <div data-v-9babd5cc="" class="flex">
      <p data-v-9babd5cc="" class="flex-1 text-lg">Title here</p>
      <!--v-if-->
    </div>
    <p data-v-9babd5cc="" class="font-normal mb-16">Lorem ipsum dolor sit amet, consectetur adipiscing elit, sed do eiusmod tempor incididunt ut labore et dolore magna aliqua.</p>
    <div data-v-9babd5cc="" class="flex gap-16"><button data-v-9babd5cc="" type="button" class="relative rounded flex flex-shrink items-center justify-center font-medium border-1 border-transparent h-28 text-sm focus:border-blue-600 focus:border-solid focus:border-1 px-14 bg-blue-500 hover:bg-blue-600 disabled:bg-blue-200 text-core-white focus:bg-blue-500">
        <!--v-if-->Button action here
        <!--v-if--><span class="hidden h-0 w-0"></span>
      </button>
      <!--v-if-->
    </div>
  </div>
</div>"
`;

exports[`FzAlert > matches danger collapsable alert 1`] = `
"<div data-v-9babd5cc="" class="flex select-none bg-semantic-info-50 border-semantic-info border-l-4 p-12 gap-12 rounded">
  <div data-v-9babd5cc="" class="flex items-center justify-center w-[25px] h-[25px] text-semantic-info"><svg class="svg-inline--fa fa-circle-info fa-lg h-[20px]" aria-hidden="true" focusable="false" data-prefix="far" data-icon="circle-info" role="img" xmlns="http://www.w3.org/2000/svg" viewBox="0 0 512 512">
      <path class="" fill="currentColor" d="M256 48a208 208 0 1 1 0 416 208 208 0 1 1 0-416zm0 464A256 256 0 1 0 256 0a256 256 0 1 0 0 512zM216 336c-13.3 0-24 10.7-24 24s10.7 24 24 24h80c13.3 0 24-10.7 24-24s-10.7-24-24-24h-8V248c0-13.3-10.7-24-24-24H216c-13.3 0-24 10.7-24 24s10.7 24 24 24h24v64H216zm40-144a32 32 0 1 0 0-64 32 32 0 1 0 0 64z"></path>
    </svg></div>
  <div data-v-9babd5cc="" class="flex-1">
    <div data-v-9babd5cc="" class="flex">
      <p data-v-9babd5cc="" class="flex-1 text-lg">Title here</p>
      <!--v-if-->
    </div>
    <p data-v-9babd5cc="" class="font-normal mb-16">Lorem ipsum dolor sit amet, consectetur adipiscing elit, sed do eiusmod tempor incididunt ut labore et dolore magna aliqua.</p>
    <div data-v-9babd5cc="" class="flex gap-16"><button data-v-9babd5cc="" type="button" class="relative rounded flex flex-shrink items-center justify-center font-medium border-1 border-transparent h-28 text-sm focus:border-blue-600 focus:border-solid focus:border-1 px-14 bg-blue-500 hover:bg-blue-600 disabled:bg-blue-200 text-core-white focus:bg-blue-500">
        <!--v-if-->Button action here
        <!--v-if--><span class="hidden h-0 w-0"></span>
      </button>
      <!--v-if-->
    </div>
  </div>
</div>"
`;

exports[`FzAlert > matches danger simple alert 1`] = `
"<div data-v-9babd5cc="" class="flex select-none bg-semantic-info-50 border-semantic-info border-l-4 p-12 gap-12 rounded">
  <div data-v-9babd5cc="" class="flex items-center justify-center w-[25px] h-[25px] text-semantic-info"><svg class="svg-inline--fa fa-circle-info fa-lg h-[20px]" aria-hidden="true" focusable="false" data-prefix="far" data-icon="circle-info" role="img" xmlns="http://www.w3.org/2000/svg" viewBox="0 0 512 512">
      <path class="" fill="currentColor" d="M256 48a208 208 0 1 1 0 416 208 208 0 1 1 0-416zm0 464A256 256 0 1 0 256 0a256 256 0 1 0 0 512zM216 336c-13.3 0-24 10.7-24 24s10.7 24 24 24h80c13.3 0 24-10.7 24-24s-10.7-24-24-24h-8V248c0-13.3-10.7-24-24-24H216c-13.3 0-24 10.7-24 24s10.7 24 24 24h24v64H216zm40-144a32 32 0 1 0 0-64 32 32 0 1 0 0 64z"></path>
    </svg></div>
  <div data-v-9babd5cc="" class="flex-1">
    <div data-v-9babd5cc="" class="flex">
      <p data-v-9babd5cc="" class="flex-1 text-lg">Title here</p>
      <!--v-if-->
    </div>
    <p data-v-9babd5cc="" class="font-normal mb-16">Lorem ipsum dolor sit amet, consectetur adipiscing elit, sed do eiusmod tempor incididunt ut labore et dolore magna aliqua.</p>
    <div data-v-9babd5cc="" class="flex gap-16"><button data-v-9babd5cc="" type="button" class="relative rounded flex flex-shrink items-center justify-center font-medium border-1 border-transparent h-28 text-sm focus:border-blue-600 focus:border-solid focus:border-1 px-14 bg-blue-500 hover:bg-blue-600 disabled:bg-blue-200 text-core-white focus:bg-blue-500">
        <!--v-if-->Button action here
        <!--v-if--><span class="hidden h-0 w-0"></span>
      </button>
      <!--v-if-->
    </div>
  </div>
</div>"
`;

exports[`FzAlert > matches error alert 1`] = `
"<div data-v-9babd5cc="" class="flex select-none bg-semantic-info-50 border-semantic-info border-l-4 p-12 gap-12 rounded">
  <div data-v-9babd5cc="" class="flex items-center justify-center w-[25px] h-[25px] text-semantic-info"><svg class="svg-inline--fa fa-circle-info fa-lg h-[20px]" aria-hidden="true" focusable="false" data-prefix="far" data-icon="circle-info" role="img" xmlns="http://www.w3.org/2000/svg" viewBox="0 0 512 512">
      <path class="" fill="currentColor" d="M256 48a208 208 0 1 1 0 416 208 208 0 1 1 0-416zm0 464A256 256 0 1 0 256 0a256 256 0 1 0 0 512zM216 336c-13.3 0-24 10.7-24 24s10.7 24 24 24h80c13.3 0 24-10.7 24-24s-10.7-24-24-24h-8V248c0-13.3-10.7-24-24-24H216c-13.3 0-24 10.7-24 24s10.7 24 24 24h24v64H216zm40-144a32 32 0 1 0 0-64 32 32 0 1 0 0 64z"></path>
    </svg></div>
  <div data-v-9babd5cc="" class="flex-1">
    <div data-v-9babd5cc="" class="flex">
      <p data-v-9babd5cc="" class="flex-1 text-lg">Title here</p>
      <!--v-if-->
    </div>
    <p data-v-9babd5cc="" class="font-normal mb-16">Lorem ipsum dolor sit amet, consectetur adipiscing elit, sed do eiusmod tempor incididunt ut labore et dolore magna aliqua.</p>
    <div data-v-9babd5cc="" class="flex gap-16"><button data-v-9babd5cc="" type="button" class="relative rounded flex flex-shrink items-center justify-center font-medium border-1 border-transparent h-28 text-sm focus:border-blue-600 focus:border-solid focus:border-1 px-14 bg-blue-500 hover:bg-blue-600 disabled:bg-blue-200 text-core-white focus:bg-blue-500">
        <!--v-if-->Button action here
        <!--v-if--><span class="hidden h-0 w-0"></span>
      </button>
      <!--v-if-->
    </div>
  </div>
</div>"
`;

exports[`FzAlert > matches error collapsable alert 1`] = `
"<div data-v-9babd5cc="" class="flex select-none bg-semantic-info-50 border-semantic-info border-l-4 p-12 gap-12 rounded">
  <div data-v-9babd5cc="" class="flex items-center justify-center w-[25px] h-[25px] text-semantic-info"><svg class="svg-inline--fa fa-circle-info fa-lg h-[20px]" aria-hidden="true" focusable="false" data-prefix="far" data-icon="circle-info" role="img" xmlns="http://www.w3.org/2000/svg" viewBox="0 0 512 512">
      <path class="" fill="currentColor" d="M256 48a208 208 0 1 1 0 416 208 208 0 1 1 0-416zm0 464A256 256 0 1 0 256 0a256 256 0 1 0 0 512zM216 336c-13.3 0-24 10.7-24 24s10.7 24 24 24h80c13.3 0 24-10.7 24-24s-10.7-24-24-24h-8V248c0-13.3-10.7-24-24-24H216c-13.3 0-24 10.7-24 24s10.7 24 24 24h24v64H216zm40-144a32 32 0 1 0 0-64 32 32 0 1 0 0 64z"></path>
    </svg></div>
  <div data-v-9babd5cc="" class="flex-1">
    <div data-v-9babd5cc="" class="flex">
      <p data-v-9babd5cc="" class="flex-1 text-lg">Title here</p>
      <!--v-if-->
    </div>
    <p data-v-9babd5cc="" class="font-normal mb-16">Lorem ipsum dolor sit amet, consectetur adipiscing elit, sed do eiusmod tempor incididunt ut labore et dolore magna aliqua.</p>
    <div data-v-9babd5cc="" class="flex gap-16"><button data-v-9babd5cc="" type="button" class="relative rounded flex flex-shrink items-center justify-center font-medium border-1 border-transparent h-28 text-sm focus:border-blue-600 focus:border-solid focus:border-1 px-14 bg-blue-500 hover:bg-blue-600 disabled:bg-blue-200 text-core-white focus:bg-blue-500">
        <!--v-if-->Button action here
        <!--v-if--><span class="hidden h-0 w-0"></span>
      </button>
      <!--v-if-->
    </div>
  </div>
</div>"
`;

exports[`FzAlert > matches error simple alert 1`] = `
"<div data-v-9babd5cc="" class="flex select-none bg-semantic-info-50 border-semantic-info border-l-4 p-12 gap-12 rounded">
  <div data-v-9babd5cc="" class="flex items-center justify-center w-[25px] h-[25px] text-semantic-info"><svg class="svg-inline--fa fa-circle-info fa-lg h-[20px]" aria-hidden="true" focusable="false" data-prefix="far" data-icon="circle-info" role="img" xmlns="http://www.w3.org/2000/svg" viewBox="0 0 512 512">
      <path class="" fill="currentColor" d="M256 48a208 208 0 1 1 0 416 208 208 0 1 1 0-416zm0 464A256 256 0 1 0 256 0a256 256 0 1 0 0 512zM216 336c-13.3 0-24 10.7-24 24s10.7 24 24 24h80c13.3 0 24-10.7 24-24s-10.7-24-24-24h-8V248c0-13.3-10.7-24-24-24H216c-13.3 0-24 10.7-24 24s10.7 24 24 24h24v64H216zm40-144a32 32 0 1 0 0-64 32 32 0 1 0 0 64z"></path>
    </svg></div>
  <div data-v-9babd5cc="" class="flex-1">
    <div data-v-9babd5cc="" class="flex">
      <p data-v-9babd5cc="" class="flex-1 text-lg">Title here</p>
      <!--v-if-->
    </div>
    <p data-v-9babd5cc="" class="font-normal mb-16">Lorem ipsum dolor sit amet, consectetur adipiscing elit, sed do eiusmod tempor incididunt ut labore et dolore magna aliqua.</p>
    <div data-v-9babd5cc="" class="flex gap-16"><button data-v-9babd5cc="" type="button" class="relative rounded flex flex-shrink items-center justify-center font-medium border-1 border-transparent h-28 text-sm focus:border-blue-600 focus:border-solid focus:border-1 px-14 bg-blue-500 hover:bg-blue-600 disabled:bg-blue-200 text-core-white focus:bg-blue-500">
        <!--v-if-->Button action here
        <!--v-if--><span class="hidden h-0 w-0"></span>
      </button>
      <!--v-if-->
    </div>
  </div>
</div>"
`;

exports[`FzAlert > matches info alert 1`] = `
"<div data-v-9babd5cc="" class="flex select-none bg-semantic-info-50 border-semantic-info border-l-4 p-12 gap-12 rounded">
  <div data-v-9babd5cc="" class="flex items-center justify-center w-[25px] h-[25px] text-semantic-info"><svg class="svg-inline--fa fa-circle-info fa-lg h-[20px]" aria-hidden="true" focusable="false" data-prefix="far" data-icon="circle-info" role="img" xmlns="http://www.w3.org/2000/svg" viewBox="0 0 512 512">
      <path class="" fill="currentColor" d="M256 48a208 208 0 1 1 0 416 208 208 0 1 1 0-416zm0 464A256 256 0 1 0 256 0a256 256 0 1 0 0 512zM216 336c-13.3 0-24 10.7-24 24s10.7 24 24 24h80c13.3 0 24-10.7 24-24s-10.7-24-24-24h-8V248c0-13.3-10.7-24-24-24H216c-13.3 0-24 10.7-24 24s10.7 24 24 24h24v64H216zm40-144a32 32 0 1 0 0-64 32 32 0 1 0 0 64z"></path>
    </svg></div>
  <div data-v-9babd5cc="" class="flex-1">
    <div data-v-9babd5cc="" class="flex">
      <p data-v-9babd5cc="" class="flex-1 text-lg">Title here</p>
      <!--v-if-->
    </div>
    <p data-v-9babd5cc="" class="font-normal mb-16">Lorem ipsum dolor sit amet, consectetur adipiscing elit, sed do eiusmod tempor incididunt ut labore et dolore magna aliqua.</p>
    <div data-v-9babd5cc="" class="flex gap-16"><button data-v-9babd5cc="" type="button" class="relative rounded flex flex-shrink items-center justify-center font-medium border-1 border-transparent h-28 text-sm focus:border-blue-600 focus:border-solid focus:border-1 px-14 bg-blue-500 hover:bg-blue-600 disabled:bg-blue-200 text-core-white focus:bg-blue-500">
        <!--v-if-->Button action here
        <!--v-if--><span class="hidden h-0 w-0"></span>
      </button>
      <!--v-if-->
    </div>
  </div>
</div>"
`;

exports[`FzAlert > matches info collapsable alert 1`] = `
"<div data-v-9babd5cc="" class="flex select-none bg-semantic-info-50 border-semantic-info border-l-4 p-12 gap-12 rounded">
  <div data-v-9babd5cc="" class="flex items-center justify-center w-[25px] h-[25px] text-semantic-info"><svg class="svg-inline--fa fa-circle-info fa-lg h-[20px]" aria-hidden="true" focusable="false" data-prefix="far" data-icon="circle-info" role="img" xmlns="http://www.w3.org/2000/svg" viewBox="0 0 512 512">
      <path class="" fill="currentColor" d="M256 48a208 208 0 1 1 0 416 208 208 0 1 1 0-416zm0 464A256 256 0 1 0 256 0a256 256 0 1 0 0 512zM216 336c-13.3 0-24 10.7-24 24s10.7 24 24 24h80c13.3 0 24-10.7 24-24s-10.7-24-24-24h-8V248c0-13.3-10.7-24-24-24H216c-13.3 0-24 10.7-24 24s10.7 24 24 24h24v64H216zm40-144a32 32 0 1 0 0-64 32 32 0 1 0 0 64z"></path>
    </svg></div>
  <div data-v-9babd5cc="" class="flex-1">
    <div data-v-9babd5cc="" class="flex">
      <p data-v-9babd5cc="" class="flex-1 text-lg">Title here</p>
      <!--v-if-->
    </div>
    <p data-v-9babd5cc="" class="font-normal mb-16">Lorem ipsum dolor sit amet, consectetur adipiscing elit, sed do eiusmod tempor incididunt ut labore et dolore magna aliqua.</p>
    <div data-v-9babd5cc="" class="flex gap-16"><button data-v-9babd5cc="" type="button" class="relative rounded flex flex-shrink items-center justify-center font-medium border-1 border-transparent h-28 text-sm focus:border-blue-600 focus:border-solid focus:border-1 px-14 bg-blue-500 hover:bg-blue-600 disabled:bg-blue-200 text-core-white focus:bg-blue-500">
        <!--v-if-->Button action here
        <!--v-if--><span class="hidden h-0 w-0"></span>
      </button>
      <!--v-if-->
    </div>
  </div>
</div>"
`;

exports[`FzAlert > matches info simple alert 1`] = `
"<div data-v-9babd5cc="" class="flex select-none bg-semantic-info-50 border-semantic-info border-l-4 p-12 gap-12 rounded">
  <div data-v-9babd5cc="" class="flex items-center justify-center w-[25px] h-[25px] text-semantic-info"><svg class="svg-inline--fa fa-circle-info fa-lg h-[20px]" aria-hidden="true" focusable="false" data-prefix="far" data-icon="circle-info" role="img" xmlns="http://www.w3.org/2000/svg" viewBox="0 0 512 512">
      <path class="" fill="currentColor" d="M256 48a208 208 0 1 1 0 416 208 208 0 1 1 0-416zm0 464A256 256 0 1 0 256 0a256 256 0 1 0 0 512zM216 336c-13.3 0-24 10.7-24 24s10.7 24 24 24h80c13.3 0 24-10.7 24-24s-10.7-24-24-24h-8V248c0-13.3-10.7-24-24-24H216c-13.3 0-24 10.7-24 24s10.7 24 24 24h24v64H216zm40-144a32 32 0 1 0 0-64 32 32 0 1 0 0 64z"></path>
    </svg></div>
  <div data-v-9babd5cc="" class="flex-1">
    <div data-v-9babd5cc="" class="flex">
      <p data-v-9babd5cc="" class="flex-1 text-lg">Title here</p>
      <!--v-if-->
    </div>
    <p data-v-9babd5cc="" class="font-normal mb-16">Lorem ipsum dolor sit amet, consectetur adipiscing elit, sed do eiusmod tempor incididunt ut labore et dolore magna aliqua.</p>
    <div data-v-9babd5cc="" class="flex gap-16"><button data-v-9babd5cc="" type="button" class="relative rounded flex flex-shrink items-center justify-center font-medium border-1 border-transparent h-28 text-sm focus:border-blue-600 focus:border-solid focus:border-1 px-14 bg-blue-500 hover:bg-blue-600 disabled:bg-blue-200 text-core-white focus:bg-blue-500">
        <!--v-if-->Button action here
        <!--v-if--><span class="hidden h-0 w-0"></span>
      </button>
      <!--v-if-->
    </div>
  </div>
</div>"
`;

exports[`FzAlert > matches success alert 1`] = `
"<div data-v-9babd5cc="" class="flex select-none bg-semantic-info-50 border-semantic-info border-l-4 p-12 gap-12 rounded">
  <div data-v-9babd5cc="" class="flex items-center justify-center w-[25px] h-[25px] text-semantic-info"><svg class="svg-inline--fa fa-circle-info fa-lg h-[20px]" aria-hidden="true" focusable="false" data-prefix="far" data-icon="circle-info" role="img" xmlns="http://www.w3.org/2000/svg" viewBox="0 0 512 512">
      <path class="" fill="currentColor" d="M256 48a208 208 0 1 1 0 416 208 208 0 1 1 0-416zm0 464A256 256 0 1 0 256 0a256 256 0 1 0 0 512zM216 336c-13.3 0-24 10.7-24 24s10.7 24 24 24h80c13.3 0 24-10.7 24-24s-10.7-24-24-24h-8V248c0-13.3-10.7-24-24-24H216c-13.3 0-24 10.7-24 24s10.7 24 24 24h24v64H216zm40-144a32 32 0 1 0 0-64 32 32 0 1 0 0 64z"></path>
    </svg></div>
  <div data-v-9babd5cc="" class="flex-1">
    <div data-v-9babd5cc="" class="flex">
      <p data-v-9babd5cc="" class="flex-1 text-lg">Title here</p>
      <!--v-if-->
    </div>
    <p data-v-9babd5cc="" class="font-normal mb-16">Lorem ipsum dolor sit amet, consectetur adipiscing elit, sed do eiusmod tempor incididunt ut labore et dolore magna aliqua.</p>
    <div data-v-9babd5cc="" class="flex gap-16"><button data-v-9babd5cc="" type="button" class="relative rounded flex flex-shrink items-center justify-center font-medium border-1 border-transparent h-28 text-sm focus:border-blue-600 focus:border-solid focus:border-1 px-14 bg-blue-500 hover:bg-blue-600 disabled:bg-blue-200 text-core-white focus:bg-blue-500">
        <!--v-if-->Button action here
        <!--v-if--><span class="hidden h-0 w-0"></span>
      </button>
      <!--v-if-->
    </div>
  </div>
</div>"
`;

exports[`FzAlert > matches success alert with button and link 1`] = `
"<div data-v-9babd5cc="" class="flex select-none bg-semantic-info-50 border-semantic-info border-l-4 p-12 gap-12 rounded">
  <div data-v-9babd5cc="" class="flex items-center justify-center w-[25px] h-[25px] text-semantic-info"><svg class="svg-inline--fa fa-circle-info fa-lg h-[20px]" aria-hidden="true" focusable="false" data-prefix="far" data-icon="circle-info" role="img" xmlns="http://www.w3.org/2000/svg" viewBox="0 0 512 512">
      <path class="" fill="currentColor" d="M256 48a208 208 0 1 1 0 416 208 208 0 1 1 0-416zm0 464A256 256 0 1 0 256 0a256 256 0 1 0 0 512zM216 336c-13.3 0-24 10.7-24 24s10.7 24 24 24h80c13.3 0 24-10.7 24-24s-10.7-24-24-24h-8V248c0-13.3-10.7-24-24-24H216c-13.3 0-24 10.7-24 24s10.7 24 24 24h24v64H216zm40-144a32 32 0 1 0 0-64 32 32 0 1 0 0 64z"></path>
    </svg></div>
  <div data-v-9babd5cc="" class="flex-1">
    <div data-v-9babd5cc="" class="flex">
      <p data-v-9babd5cc="" class="flex-1 text-lg">Title here</p>
      <!--v-if-->
    </div>
    <p data-v-9babd5cc="" class="font-normal mb-16">Lorem ipsum dolor sit amet, consectetur adipiscing elit, sed do eiusmod tempor incididunt ut labore et dolore magna aliqua.</p>
    <div data-v-9babd5cc="" class="flex gap-16"><button data-v-9babd5cc="" type="button" class="relative rounded flex flex-shrink items-center justify-center font-medium border-1 border-transparent h-28 text-sm focus:border-blue-600 focus:border-solid focus:border-1 px-14 bg-blue-500 hover:bg-blue-600 disabled:bg-blue-200 text-core-white focus:bg-blue-500">
        <!--v-if-->Button action here
        <!--v-if--><span class="hidden h-0 w-0"></span>
      </button>
      <router-link data-v-9babd5cc="" to="example" replace="false" class="border-1 border-transparent text-md hover:underline text-blue-500 hover:text-blue-600 focus:text-blue-600 focus:border-blue-600">This is a link</router-link>
    </div>
  </div>
</div>"
`;

exports[`FzAlert > matches success alert with link only 1`] = `
"<div data-v-9babd5cc="" class="flex select-none bg-semantic-info-50 border-semantic-info border-l-4 p-12 gap-12 rounded">
  <div data-v-9babd5cc="" class="flex items-center justify-center w-[25px] h-[25px] text-semantic-info"><svg class="svg-inline--fa fa-circle-info fa-lg h-[20px]" aria-hidden="true" focusable="false" data-prefix="far" data-icon="circle-info" role="img" xmlns="http://www.w3.org/2000/svg" viewBox="0 0 512 512">
      <path class="" fill="currentColor" d="M256 48a208 208 0 1 1 0 416 208 208 0 1 1 0-416zm0 464A256 256 0 1 0 256 0a256 256 0 1 0 0 512zM216 336c-13.3 0-24 10.7-24 24s10.7 24 24 24h80c13.3 0 24-10.7 24-24s-10.7-24-24-24h-8V248c0-13.3-10.7-24-24-24H216c-13.3 0-24 10.7-24 24s10.7 24 24 24h24v64H216zm40-144a32 32 0 1 0 0-64 32 32 0 1 0 0 64z"></path>
    </svg></div>
  <div data-v-9babd5cc="" class="flex-1">
    <div data-v-9babd5cc="" class="flex">
      <p data-v-9babd5cc="" class="flex-1 text-lg">Title here</p>
      <!--v-if-->
    </div>
    <p data-v-9babd5cc="" class="font-normal mb-16">Lorem ipsum dolor sit amet, consectetur adipiscing elit, sed do eiusmod tempor incididunt ut labore et dolore magna aliqua.</p>
    <div data-v-9babd5cc="" class="flex gap-16">
      <!--v-if-->
      <router-link data-v-9babd5cc="" to="example" replace="false" class="border-1 border-transparent text-md hover:underline text-blue-500 hover:text-blue-600 focus:text-blue-600 focus:border-blue-600">This is a link</router-link>
    </div>
  </div>
</div>"
`;

exports[`FzAlert > matches success collapsable alert 1`] = `
"<div data-v-9babd5cc="" class="flex select-none bg-semantic-info-50 border-semantic-info border-l-4 p-12 gap-12 rounded">
  <div data-v-9babd5cc="" class="flex items-center justify-center w-[25px] h-[25px] text-semantic-info"><svg class="svg-inline--fa fa-circle-info fa-lg h-[20px]" aria-hidden="true" focusable="false" data-prefix="far" data-icon="circle-info" role="img" xmlns="http://www.w3.org/2000/svg" viewBox="0 0 512 512">
      <path class="" fill="currentColor" d="M256 48a208 208 0 1 1 0 416 208 208 0 1 1 0-416zm0 464A256 256 0 1 0 256 0a256 256 0 1 0 0 512zM216 336c-13.3 0-24 10.7-24 24s10.7 24 24 24h80c13.3 0 24-10.7 24-24s-10.7-24-24-24h-8V248c0-13.3-10.7-24-24-24H216c-13.3 0-24 10.7-24 24s10.7 24 24 24h24v64H216zm40-144a32 32 0 1 0 0-64 32 32 0 1 0 0 64z"></path>
    </svg></div>
  <div data-v-9babd5cc="" class="flex-1">
    <div data-v-9babd5cc="" class="flex">
      <p data-v-9babd5cc="" class="flex-1 text-lg">Title here</p>
      <!--v-if-->
    </div>
    <p data-v-9babd5cc="" class="font-normal mb-16">Lorem ipsum dolor sit amet, consectetur adipiscing elit, sed do eiusmod tempor incididunt ut labore et dolore magna aliqua.</p>
    <div data-v-9babd5cc="" class="flex gap-16"><button data-v-9babd5cc="" type="button" class="relative rounded flex flex-shrink items-center justify-center font-medium border-1 border-transparent h-28 text-sm focus:border-blue-600 focus:border-solid focus:border-1 px-14 bg-blue-500 hover:bg-blue-600 disabled:bg-blue-200 text-core-white focus:bg-blue-500">
        <!--v-if-->Button action here
        <!--v-if--><span class="hidden h-0 w-0"></span>
      </button>
      <!--v-if-->
    </div>
  </div>
</div>"
`;

exports[`FzAlert > matches success simple alert 1`] = `
"<div data-v-9babd5cc="" class="flex select-none bg-semantic-info-50 border-semantic-info border-l-4 p-12 gap-12 rounded">
  <div data-v-9babd5cc="" class="flex items-center justify-center w-[25px] h-[25px] text-semantic-info"><svg class="svg-inline--fa fa-circle-info fa-lg h-[20px]" aria-hidden="true" focusable="false" data-prefix="far" data-icon="circle-info" role="img" xmlns="http://www.w3.org/2000/svg" viewBox="0 0 512 512">
      <path class="" fill="currentColor" d="M256 48a208 208 0 1 1 0 416 208 208 0 1 1 0-416zm0 464A256 256 0 1 0 256 0a256 256 0 1 0 0 512zM216 336c-13.3 0-24 10.7-24 24s10.7 24 24 24h80c13.3 0 24-10.7 24-24s-10.7-24-24-24h-8V248c0-13.3-10.7-24-24-24H216c-13.3 0-24 10.7-24 24s10.7 24 24 24h24v64H216zm40-144a32 32 0 1 0 0-64 32 32 0 1 0 0 64z"></path>
    </svg></div>
  <div data-v-9babd5cc="" class="flex-1">
    <div data-v-9babd5cc="" class="flex">
      <p data-v-9babd5cc="" class="flex-1 text-lg">Title here</p>
      <!--v-if-->
    </div>
    <p data-v-9babd5cc="" class="font-normal mb-16">Lorem ipsum dolor sit amet, consectetur adipiscing elit, sed do eiusmod tempor incididunt ut labore et dolore magna aliqua.</p>
    <div data-v-9babd5cc="" class="flex gap-16"><button data-v-9babd5cc="" type="button" class="relative rounded flex flex-shrink items-center justify-center font-medium border-1 border-transparent h-28 text-sm focus:border-blue-600 focus:border-solid focus:border-1 px-14 bg-blue-500 hover:bg-blue-600 disabled:bg-blue-200 text-core-white focus:bg-blue-500">
        <!--v-if-->Button action here
        <!--v-if--><span class="hidden h-0 w-0"></span>
      </button>
      <!--v-if-->
    </div>
  </div>
</div>"
`;

exports[`FzAlert > matches warning alert 1`] = `
"<div data-v-9babd5cc="" class="flex select-none bg-semantic-info-50 border-semantic-info border-l-4 p-12 gap-12 rounded">
  <div data-v-9babd5cc="" class="flex items-center justify-center w-[25px] h-[25px] text-semantic-info"><svg class="svg-inline--fa fa-circle-info fa-lg h-[20px]" aria-hidden="true" focusable="false" data-prefix="far" data-icon="circle-info" role="img" xmlns="http://www.w3.org/2000/svg" viewBox="0 0 512 512">
      <path class="" fill="currentColor" d="M256 48a208 208 0 1 1 0 416 208 208 0 1 1 0-416zm0 464A256 256 0 1 0 256 0a256 256 0 1 0 0 512zM216 336c-13.3 0-24 10.7-24 24s10.7 24 24 24h80c13.3 0 24-10.7 24-24s-10.7-24-24-24h-8V248c0-13.3-10.7-24-24-24H216c-13.3 0-24 10.7-24 24s10.7 24 24 24h24v64H216zm40-144a32 32 0 1 0 0-64 32 32 0 1 0 0 64z"></path>
    </svg></div>
  <div data-v-9babd5cc="" class="flex-1">
    <div data-v-9babd5cc="" class="flex">
      <p data-v-9babd5cc="" class="flex-1 text-lg">Title here</p>
      <!--v-if-->
    </div>
    <p data-v-9babd5cc="" class="font-normal mb-16">Lorem ipsum dolor sit amet, consectetur adipiscing elit, sed do eiusmod tempor incididunt ut labore et dolore magna aliqua.</p>
    <div data-v-9babd5cc="" class="flex gap-16"><button data-v-9babd5cc="" type="button" class="relative rounded flex flex-shrink items-center justify-center font-medium border-1 border-transparent h-28 text-sm focus:border-blue-600 focus:border-solid focus:border-1 px-14 bg-blue-500 hover:bg-blue-600 disabled:bg-blue-200 text-core-white focus:bg-blue-500">
        <!--v-if-->Button action here
        <!--v-if--><span class="hidden h-0 w-0"></span>
      </button>
      <!--v-if-->
    </div>
  </div>
</div>"
`;

exports[`FzAlert > matches warning collapsable alert 1`] = `
"<div data-v-9babd5cc="" class="flex select-none bg-semantic-info-50 border-semantic-info border-l-4 p-12 gap-12 rounded">
  <div data-v-9babd5cc="" class="flex items-center justify-center w-[25px] h-[25px] text-semantic-info"><svg class="svg-inline--fa fa-circle-info fa-lg h-[20px]" aria-hidden="true" focusable="false" data-prefix="far" data-icon="circle-info" role="img" xmlns="http://www.w3.org/2000/svg" viewBox="0 0 512 512">
      <path class="" fill="currentColor" d="M256 48a208 208 0 1 1 0 416 208 208 0 1 1 0-416zm0 464A256 256 0 1 0 256 0a256 256 0 1 0 0 512zM216 336c-13.3 0-24 10.7-24 24s10.7 24 24 24h80c13.3 0 24-10.7 24-24s-10.7-24-24-24h-8V248c0-13.3-10.7-24-24-24H216c-13.3 0-24 10.7-24 24s10.7 24 24 24h24v64H216zm40-144a32 32 0 1 0 0-64 32 32 0 1 0 0 64z"></path>
    </svg></div>
  <div data-v-9babd5cc="" class="flex-1">
    <div data-v-9babd5cc="" class="flex">
      <p data-v-9babd5cc="" class="flex-1 text-lg">Title here</p>
      <!--v-if-->
    </div>
    <p data-v-9babd5cc="" class="font-normal mb-16">Lorem ipsum dolor sit amet, consectetur adipiscing elit, sed do eiusmod tempor incididunt ut labore et dolore magna aliqua.</p>
    <div data-v-9babd5cc="" class="flex gap-16"><button data-v-9babd5cc="" type="button" class="relative rounded flex flex-shrink items-center justify-center font-medium border-1 border-transparent h-28 text-sm focus:border-blue-600 focus:border-solid focus:border-1 px-14 bg-blue-500 hover:bg-blue-600 disabled:bg-blue-200 text-core-white focus:bg-blue-500">
        <!--v-if-->Button action here
        <!--v-if--><span class="hidden h-0 w-0"></span>
      </button>
      <!--v-if-->
    </div>
  </div>
</div>"
`;

exports[`FzAlert > matches warning simple alert 1`] = `
"<div data-v-9babd5cc="" class="flex select-none bg-semantic-info-50 border-semantic-info border-l-4 p-12 gap-12 rounded">
  <div data-v-9babd5cc="" class="flex items-center justify-center w-[25px] h-[25px] text-semantic-info"><svg class="svg-inline--fa fa-circle-info fa-lg h-[20px]" aria-hidden="true" focusable="false" data-prefix="far" data-icon="circle-info" role="img" xmlns="http://www.w3.org/2000/svg" viewBox="0 0 512 512">
      <path class="" fill="currentColor" d="M256 48a208 208 0 1 1 0 416 208 208 0 1 1 0-416zm0 464A256 256 0 1 0 256 0a256 256 0 1 0 0 512zM216 336c-13.3 0-24 10.7-24 24s10.7 24 24 24h80c13.3 0 24-10.7 24-24s-10.7-24-24-24h-8V248c0-13.3-10.7-24-24-24H216c-13.3 0-24 10.7-24 24s10.7 24 24 24h24v64H216zm40-144a32 32 0 1 0 0-64 32 32 0 1 0 0 64z"></path>
    </svg></div>
  <div data-v-9babd5cc="" class="flex-1">
    <div data-v-9babd5cc="" class="flex">
      <p data-v-9babd5cc="" class="flex-1 text-lg">Title here</p>
      <!--v-if-->
    </div>
    <p data-v-9babd5cc="" class="font-normal mb-16">Lorem ipsum dolor sit amet, consectetur adipiscing elit, sed do eiusmod tempor incididunt ut labore et dolore magna aliqua.</p>
    <div data-v-9babd5cc="" class="flex gap-16"><button data-v-9babd5cc="" type="button" class="relative rounded flex flex-shrink items-center justify-center font-medium border-1 border-transparent h-28 text-sm focus:border-blue-600 focus:border-solid focus:border-1 px-14 bg-blue-500 hover:bg-blue-600 disabled:bg-blue-200 text-core-white focus:bg-blue-500">
        <!--v-if-->Button action here
        <!--v-if--><span class="hidden h-0 w-0"></span>
      </button>
      <!--v-if-->
    </div>
  </div>
</div>"
`;
