// Vitest Snapshot v1, https://vitest.dev/guide/snapshot.html

exports[`FzAvatar > image matches snapshot 1`] = `"<img class="rounded-full object-cover size-40" src="https://example.com">"`;

exports[`FzAvatar > placeholder matches snapshot 1`] = `"<p class="rounded-full size-32 text-sm bg-core-black text-core-white grid place-content-center">MR</p>"`;
