// Vitest Snapshot v1, https://vitest.dev/guide/snapshot.html

exports[`FzDatepicker > matches snaphost 1`] = `
"<div class="dp__main dp__theme_light" data-datepicker-instance="">
  <div>
    <!---->
    <div class="dp__input_wrap">
      <!----><input data-test="dp-input" class="dp__pointer dp__input_readonly dp__input dp__input_icon_pad dp__input_invalid dp__input_reg" inputmode="none" placeholder="" autocomplete="off" aria-label="Datepicker input" aria-invalid="true">
      <div>
        <!----><svg xmlns="http://www.w3.org/2000/svg" viewBox="0 0 32 32" fill="currentColor" aria-hidden="true" class="dp__icon dp__input_icon dp__input_icons">
          <path d="M29.333 8c0-2.208-1.792-4-4-4h-18.667c-2.208 0-4 1.792-4 4v18.667c0 2.208 1.792 4 4 4h18.667c2.208 0 4-1.792 4-4v-18.667zM26.667 8v18.667c0 0.736-0.597 1.333-1.333 1.333 0 0-18.667 0-18.667 0-0.736 0-1.333-0.597-1.333-1.333 0 0 0-18.667 0-18.667 0-0.736 0.597-1.333 1.333-1.333 0 0 18.667 0 18.667 0 0.736 0 1.333 0.597 1.333 1.333z"></path>
          <path d="M20 2.667v5.333c0 0.736 0.597 1.333 1.333 1.333s1.333-0.597 1.333-1.333v-5.333c0-0.736-0.597-1.333-1.333-1.333s-1.333 0.597-1.333 1.333z"></path>
          <path d="M9.333 2.667v5.333c0 0.736 0.597 1.333 1.333 1.333s1.333-0.597 1.333-1.333v-5.333c0-0.736-0.597-1.333-1.333-1.333s-1.333 0.597-1.333 1.333z"></path>
          <path d="M4 14.667h24c0.736 0 1.333-0.597 1.333-1.333s-0.597-1.333-1.333-1.333h-24c-0.736 0-1.333 0.597-1.333 1.333s0.597 1.333 1.333 1.333z"></path>
        </svg>
      </div>
      <!---->
      <!---->
    </div>
  </div>
  <div>
    <transition-stub name="" appear="false" persisted="false" css="false">
      <!---->
    </transition-stub>
  </div>
</div>"
`;
