// Vitest Snapshot v1, https://vitest.dev/guide/snapshot.html

exports[`FzCollapse > should match snapshot 1`] = `
"<details data-v-d76ce47a="" open="">
  <summary data-v-d76ce47a="" data-e2e-summary="" class="text-grey-500 flex h-32 cursor-pointer list-none items-center text-sm">this is a test summary<svg data-v-d76ce47a="" class="svg-inline--fa fa-chevron-up ml-32" aria-hidden="true" focusable="false" data-prefix="fasl" data-icon="chevron-up" role="img" xmlns="http://www.w3.org/2000/svg" viewBox="0 0 512 512">
      <path class="" fill="currentColor" d="M256 105.4l11.3 11.3 192 192L470.6 320 448 342.6l-11.3-11.3L256 150.6 75.3 331.3 64 342.6 41.4 320l11.3-11.3 192-192L256 105.4z"></path>
    </svg></summary>
  <transition-stub data-v-d76ce47a="" appear="false" persisted="true" css="true">
    <div data-v-d76ce47a="" data-e2e-content="" class="text-sm">this is test content</div>
  </transition-stub>
</details>"
`;
