// Vitest Snapshot v1, https://vitest.dev/guide/snapshot.html

exports[`FzInput > matches snaphost 1`] = `
"<div class="w-full flex flex-col gap-8"><label class="text-sm text-core-black">Label</label>
  <div class="flex justify-between w-full items-center px-10 border-1 rounded gap-8 text-left has-[:focus]:border-blue-600 h-32 text-base border-grey-300 bg-white text-core-black cursor-pointer">
    <!--v-if--><input type="text" class="peer w-full bg-transparent border-0 focus:outline-none focus:ring-0 cursor-pointer truncate">
    <!--v-if-->
    <!--v-if-->
  </div>
  <!--v-if-->
</div>"
`;
